PS D:\Work\git_temp> mkdir git_challenge

    Directory: D:\Work\git_temp

Mode                 LastWriteTime         Length Name
----                 -------------         ------ ----
d----          2026/06/23    20:03                git_challenge

PS D:\Work\git_temp> cd git_challenge
PS D:\Work\git_temp\git_challenge\git_challenge> git init
PS D:\Work\git_temp\git_challenge\git_challenge> New-Item hello_world.txt
PS D:\Work\git_temp\git_challenge\git_challenge> "Hello, world!" > hello_world.txt
PS D:\Work\git_temp\git_challenge\git_challenge> git add .
PS D:\Work\git_temp\git_challenge\git_challenge> git commit -m "初回コミット"
[main (root-commit) e8c34b4] 初回コミット
 1 file changed, 1 insertion(+)
 create mode 100644 hello_world.txt
PS D:\Work\git_temp\git_challenge\git_challenge> "こんにちは、世界！" >> hello_world.txt
PS D:\Work\git_temp\git_challenge\git_challenge> git add .
PS D:\Work\git_temp\git_challenge\git_challenge> git commit -m "追記"
[main addbeca] 追記
 1 file changed, 1 insertion(+)
PS D:\Work\git_temp\git_challenge\git_challenge> git log --oneline
addbeca (HEAD -> main) 追記
e8c34b4 初回コミット
